npm warn Unknown env config "http-proxy". This will stop working in the next major version of npm.

> scene-reconcile@0.1.0 check
> npm test && npm run test:oracle && npm run test:controller && npm run fixture && npm run build

npm warn Unknown env config "http-proxy". This will stop working in the next major version of npm.

> scene-reconcile@0.1.0 test
> node --test tests/*.test.mjs

✔ exact independent edit scenario: eight UUIDs, no source duplication (9.981495ms)
✔ conflicting complete transform blocks; explicit operator retains independent incoming changes (3.867359ms)
✔ equal edits preserved without asking (2.609265ms)
✔ source array order is not identity (2.53125ms)
✔ relative + absolute transform is one atom (4.664289ms)
✔ mixed independent transform fields conflict atomically (1.74164ms)
✔ visibility and lock merge separately from transform (2.093811ms)
✔ source settings are atomic even when different settings changed (1.884761ms)
✔ reordered stack preserved as joint membership atom (2.524329ms)
✔ different reorder needs explicit choice (2.676195ms)
✔ parallel new local integer IDs do not alias different source references (2.922449ms)
✔ parallel same reference new ID different placement selects whole added item (3.101905ms)
✔ remove versus edit never silently drops incoming edit (2.427796ms)
✔ one-sided membership removal accepted (2.894637ms)
✔ capture/media settings operator-owned and incoming changes require recorded exclusion (4.171849ms)
✔ unknown incoming source semantics are explicit exclusions (3.145359ms)
✔ unknown incoming top-level semantics are explicit exclusions (3.056498ms)
✔ unsupported item blend changes require exclusion (2.67368ms)
✔ reject duplicate name (0.624756ms)
✔ reject duplicate UUID (0.581912ms)
✔ reject missing reference (0.495534ms)
✔ reject name fallback mismatch (0.536865ms)
✔ reject cycle (0.566349ms)
✔ reject group (0.404769ms)
✔ reject canvas (0.45221ms)
✔ reject filter (0.461383ms)
✔ reject custom plugin (0.483877ms)
✔ reject script (0.572047ms)
✔ reject text file (0.531538ms)
✔ reject duplicate item ID (0.526249ms)
✔ reject invalid counter (0.627209ms)
✔ reject nonfinite transform (0.460983ms)
✔ reject partial relative (0.78945ms)
✔ reject scene order mismatch (0.832162ms)
✔ reject unknown version (0.338952ms)
✔ reject custom size (0.460962ms)
✔ existing source deletion rejected, not guessed by name (0.894976ms)
✔ same UUID source rename rejected (0.81011ms)
✔ resolution mismatch rejected (0.656323ms)
✔ postmerge cycles are blocked even if each branch is acyclic (2.651177ms)
✔ postmerge duplicate new source names blocked (2.161162ms)
✔ disjoint additions union automatically (2.438822ms)
✔ changed collision UUID additions require whole-closure decision (1.599269ms)
✔ three prepared copies have unique names and preserve full UUID and item identity (1.016215ms)
✔ prepare does not mutate input (0.504687ms)
✔ unrecognized JSON and prototype keys rejected (0.469355ms)
✔ file size bounded (7.596402ms)
✔ depth bounded (0.248488ms)
✔ SHA receipt binds exact input whitespace and exact output bytes (22.872049ms)
✔ inputs and plan are not mutated by decision resolution (3.669736ms)
✔ hidden transitive scenes remain in impact result (0.270091ms)
✔ standalone native supported fixture test exports for oracle development (6.52854ms)
✔ duplicate JSON object keys rejected instead of silently taking last value (0.254708ms)
✔ item counter reserves IDs used on either branch (2.382249ms)
✔ malformed crop, alignment and bounds flags rejected (1.008904ms)
✔ UTF-8 BOM accepted only at beginning; exact byte hashing retains it (1.73496ms)
✔ maximum supported collection validates exactly at 20/200/1000 (27.808041ms)
✔ 200 source limit enforced (7.211873ms)
✔ 20 scene limit enforced independently (8.544847ms)
✔ 1000 item limit enforced (11.738888ms)
✔ bounded worst-case review creates 1000 independent transform decisions under ten seconds (462.947319ms)
✔ JSON scanner permits escaped strings, unicode keys and nested arrays (1.788489ms)
✔ genuine native fixtures match pinned successful hosted artifact hashes (9.205536ms)
✔ genuine native normal and conflict profiles reconcile with all relative atoms intact (29.221615ms)
✔ explicit scene-metadata exclusion survives removal/edit structure choice (13.918487ms)
✔ item-metadata exclusion survives complete scene contents choice (4.032674ms)
✔ operator-removed item cannot smuggle incoming unsupported metadata via restore (9.143154ms)
✔ reject unknown new scene setting (3.478863ms)
✔ reject new source monitoring metadata (2.989328ms)
✔ reject new source unknown metadata (3.015336ms)
✔ reject new item blend (2.962548ms)
✔ reject new-scene item blend (2.797735ms)
✔ reject new source unknown versioned plugin (1.126859ms)
✔ reject new source unknown native setting (1.405923ms)
✔ unchanged custom transition/filter rejected throughout collection (0.812524ms)
✔ builtin transition with unsupported filter rejected (0.336649ms)
✔ custom global audio source rejected (0.292573ms)
✔ nonempty custom module rejected while native builtins allowed (0.603644ms)
✔ malformed embedded source cannot bypass validation by omitting settings (0.422767ms)
✔ typed profile rejects object text (0.914965ms)
✔ typed profile rejects malformed font (0.606408ms)
✔ typed profile rejects negative font size (0.524296ms)
✔ typed profile rejects malformed color (0.522674ms)
✔ typed profile rejects vector extra fields (0.66837ms)
✔ typed profile rejects missing source kind (0.45857ms)
✔ dangling or non-main canvas UUID is rejected before merge (0.399682ms)
✔ UI state transitions, interrupted reads, and stable exports (586.902869ms)
ℹ tests 87
ℹ suites 0
ℹ pass 87
ℹ fail 0
ℹ cancelled 0
ℹ skipped 0
ℹ todo 0
ℹ duration_ms 676.064936
npm warn Unknown env config "http-proxy". This will stop working in the next major version of npm.

> scene-reconcile@0.1.0 test:oracle
> python3 -m unittest discover -s oracle -p 'test_*.py' -v

test_dropped_relative_atom (test_oracle.OracleTests.test_dropped_relative_atom) ... ok
test_duplicate_settings (test_oracle.OracleTests.test_duplicate_settings) ... ok
test_expected (test_oracle.OracleTests.test_expected) ... ok
test_hidden_became_visible (test_oracle.OracleTests.test_hidden_became_visible) ... ok
test_reference_changed (test_oracle.OracleTests.test_reference_changed) ... ok
test_runtime_active_output (test_oracle.OracleTests.test_runtime_active_output) ... ok
test_runtime_expected (test_oracle.OracleTests.test_runtime_expected) ... ok
test_runtime_missing_scene (test_oracle.OracleTests.test_runtime_missing_scene) ... ok
test_runtime_wrong_consumer (test_oracle.OracleTests.test_runtime_wrong_consumer) ... ok
test_runtime_wrong_scale (test_oracle.OracleTests.test_runtime_wrong_scale) ... ok
test_stack_changed (test_oracle.OracleTests.test_stack_changed) ... ok
test_wrong_background (test_oracle.OracleTests.test_wrong_background) ... ok
test_wrong_count (test_oracle.OracleTests.test_wrong_count) ... ok
test_wrong_title (test_oracle.OracleTests.test_wrong_title) ... ok
test_wrong_transform (test_oracle.OracleTests.test_wrong_transform) ... ok
test_wrong_uuid (test_oracle.OracleTests.test_wrong_uuid) ... ok

----------------------------------------------------------------------
Ran 16 tests in 0.005s

OK
npm warn Unknown env config "http-proxy". This will stop working in the next major version of npm.

> scene-reconcile@0.1.0 test:controller
> python3 -m unittest discover -s native -p 'test_*.py' -v

test_external_commands_always_have_a_timeout (test_controller.ControllerTests.test_external_commands_always_have_a_timeout) ... ok
test_failure_screenshot_does_not_replace_original_error (test_controller.ControllerTests.test_failure_screenshot_does_not_replace_original_error) ... ok
test_fixture_preflight_rejects_device_source_and_versioned_mismatch (test_controller.ControllerTests.test_fixture_preflight_rejects_device_source_and_versioned_mismatch) ... ok
test_fixture_preflight_rejects_scripts_audio_and_file_text (test_controller.ControllerTests.test_fixture_preflight_rejects_scripts_audio_and_file_text) ... ok
test_identify_is_not_treated_as_obs_readiness (test_controller.ControllerTests.test_identify_is_not_treated_as_obs_readiness) ... {"nativeGate": "obs-start", "time": "2026-10-04T20:48:19Z", "label": "unit-test", "launch": 1}
{"nativeGate": "obs-ready", "time": "2026-10-04T20:48:19Z", "label": "unit-test", "launch": 1, "obsVersion": "32.2.2"}
ok
test_missing_scene_reference_and_source_type_are_fatal (test_controller.ControllerTests.test_missing_scene_reference_and_source_type_are_fatal) ... ok
test_native_menu_hover_and_activation_are_separate (test_controller.ControllerTests.test_native_menu_hover_and_activation_are_separate) ... ok
test_non_ci_is_refused_before_any_native_action (test_controller.ControllerTests.test_non_ci_is_refused_before_any_native_action) ... ok
test_official_duplicate_uuid_diagnostic_is_fatal (test_controller.ControllerTests.test_official_duplicate_uuid_diagnostic_is_fatal) ... ok
test_optional_hardware_failure_is_explicit_not_source_suppression (test_controller.ControllerTests.test_optional_hardware_failure_is_explicit_not_source_suppression) ... ok
test_runtime_comparison_ignores_ui_state_but_not_semantics (test_controller.ControllerTests.test_runtime_comparison_ignores_ui_state_but_not_semantics) ... ok
test_unknown_warning_is_kept_for_review (test_controller.ControllerTests.test_unknown_warning_is_kept_for_review) ... ok
test_window_search_requires_both_pid_and_title (test_controller.ControllerTests.test_window_search_requires_both_pid_and_title) ... ok
test_zero_bounds_are_observed_instead_of_invalid_setter (test_controller.ControllerTests.test_zero_bounds_are_observed_instead_of_invalid_setter) ... ok

----------------------------------------------------------------------
Ran 14 tests in 0.006s

OK
npm warn Unknown env config "http-proxy". This will stop working in the next major version of npm.

> scene-reconcile@0.1.0 fixture
> node scripts/export-example.mjs

merged: 8 sources, 4 scenes, 8 items
conflict-resolved: 8 sources, 4 scenes, 8 items
npm warn Unknown env config "http-proxy". This will stop working in the next major version of npm.

> scene-reconcile@0.1.0 build
> node scripts/build.mjs

{"bytes":150322,"sample":"native OBS generated"}
